[fautsy.com/index.html]
[backblue.gif]
[fade.gif]
[index.html]
[fautsy.com/img/32x328510.png]
[cdn.jsdelivr.net/bootstrap/3.3.4/css/bootstrap.min.css]
[cdn.jsdelivr.net/jquery/2.1.4/jquery.min.js]
[cdn.jsdelivr.net/bootstrap/3.3.4/js/bootstrap.min.js]
[coinzillatag.com/lib/display.js]
[maxcdn.bootstrapcdn.com/font-awesome/4.7.0/css/font-awesome.min.css]
[fautsy.com/css/font-awesome-animation.min.css]
[fautsy.com/templates/default/shortlink.png]
[i.imgur.com/8sB1uzk.jpg]
[www.google.com/recaptcha/api.js]
[fautsy.com/index310d.html]
[fautsy.com/libs/button-timer.js]
[fautsy.com/index6469.html]
[fautsy.com/libs/check.js]
[fautsy.com/cdn-cgi/l/email-protection.html]
[fautsy.com/cdn-cgi/scripts/5c5dd728/cloudflare-static/email-decode.min.js]
[coinzillatag.com/lib/fp.js]
[fautsy.com/index.html]
[cdn.jsdelivr.net/bootstrap/3.3.4/css/bootstrap.min.css]
[maxcdn.bootstrapcdn.com/font-awesome/4.7.0/css/font-awesome.min.css]
[fautsy.com/css/font-awesome-animation.min.css]
[fautsy.com/index310d.html]
[fautsy.com/index6469.html]
[fautsy.com/libs/advertisement1154.html]
[fautsy.com/cdn-cgi/l/email-protection.html]
[ajax.cloudflare.com/cdn-cgi/scripts/7d0fa10a/cloudflare-static/rocket-loader.min.js]
